Microchip MPLAB XC8 Compiler V2.32

Linker command line:

-W-3 --edf=C:\Program Files\Microchip\xc8\v2.32\pic\dat\en_msgs.txt -cn \
  -h+dist/default/production\Practica5.X.production.sym \
  --cmf=dist/default/production\Practica5.X.production.cmf -z -Q18F4550 \
  -oC:\Users\ALANCR~1\AppData\Local\Temp\xcAs5ds.4 --defsym=__MPLAB_BUILD=1 \
  -Mdist/default/production/Practica5.X.production.map -E1 \
  -ver=XC8 Compiler --acfsm=1493 -ASTACK=060h-07FFh -pstack=STACK \
  -ACODE=00h-07FFFh -ACONST=00h-07FFFh -ASMALLCONST=0800h-08FFhx120 \
  -AMEDIUMCONST=0800h-07FFFh -ACOMRAM=01h-05Fh -AABS1=00h-07FFh \
  -ABIGRAM=01h-07FFh -ARAM=060h-0FFh,0100h-01FFhx7 -ABANK0=060h-0FFh \
  -ABANK1=0100h-01FFh -ABANK2=0200h-02FFh -ABANK3=0300h-03FFh \
  -ABANK4=0400h-04FFh -ABANK5=0500h-05FFh -ABANK6=0600h-06FFh \
  -ABANK7=0700h-07FFh -ASFR=0F60h-0FFFh -ACONFIG=0300000h-030000Dh \
  -AIDLOC=0200000h-0200007h -AEEDATA=0F00000h-0F000FFh -peeprom_data=EEDATA \
  -preset_vec=00h,intcode,intcodelo,powerup,init -pramtop=0800h \
  -psmallconst=SMALLCONST -pmediumconst=MEDIUMCONST -pconst=CONST \
  -AFARRAM=00h-00h \
  -prdata=COMRAM,nvrram=COMRAM,nvbit=COMRAM,rbss=COMRAM,rbit=COMRAM \
  -pfarbss=FARRAM,fardata=FARRAM,nvFARRAM=FARRAM \
  -pintsave_regs=BIGRAM,bigbss=BIGRAM,bigdata=BIGRAM -pbss=RAM \
  -pidata=CODE,irdata=CODE,ibigdata=CODE,ifardata=CODE -prparam=COMRAM \
  C:\Users\ALANCR~1\AppData\Local\Temp\xcAs5ds.o \
  dist/default/production\Practica5.X.production.o 

Object code version is 3.11

Machine type is 18F4550



                Name                               Link     Load   Length Selector   Space Scale
C:\Users\ALANCR~1\AppData\Local\Temp\xcAs5ds.o
                idloc                            200000   200000        8        0       5
                config                           300000   300000        E        0       4
                init                                  0        0        4        0       0
dist/default/production\Practica5.X.production.o
                idloc                            200000   200000        8        0       5
                config                           300000   300000        E        0       4
                text11                             624C     624C      39A     3126       0
                text10                             65E6     65E6      4C0     32F3       0
                text9                              5BF0     5BF0       46     2DF8       0
                text8                              5CB2     5CB2      106     2E59       0
                text7                              6098     6098      1B4     304C       0
                text6                              5DB8     5DB8      170     2EDC       0
                text5                              5F28     5F28      170     2F94       0
                text4                              6AA6     6AA6      4EE     3553       0
                text3                              6F94     6F94      6CA     37CA       0
                text2                              765E     765E      9A2     3B2F       0
                text1                              5BA8     5BA8       16     2DD4       0
                text0                              5C36     5C36       7C     2E1B       0
                cstackCOMRAM                          1        1       3C        1       1
                dataCOMRAM                           4B       4B        4        1       1
                bssCOMRAM                            3D       3D        E        1       1
                cinit                              5BBE     5BBE       32     2DDF       0
                idataCOMRAM                        5BA4     5BA4        4     5BA4       0

TOTAL           Name                               Link     Load   Length     Space
        CLASS   STACK          

        CLASS   CODE           
                init                                  0        0        4         0
                text11                             624C     624C      39A         0
                text10                             65E6     65E6      4C0         0
                text9                              5BF0     5BF0       46         0
                text8                              5CB2     5CB2      106         0
                text7                              6098     6098      1B4         0
                text6                              5DB8     5DB8      170         0
                text5                              5F28     5F28      170         0
                text4                              6AA6     6AA6      4EE         0
                text3                              6F94     6F94      6CA         0
                text2                              765E     765E      9A2         0
                text1                              5BA8     5BA8       16         0
                text0                              5C36     5C36       7C         0
                cinit                              5BBE     5BBE       32         0
                idataCOMRAM                        5BA4     5BA4        4         0

        CLASS   CONST          

        CLASS   SMALLCONST     

        CLASS   MEDIUMCONST    

        CLASS   COMRAM         
                cstackCOMRAM                          1        1       3C         1
                dataCOMRAM                           4B       4B        4         1
                bssCOMRAM                            3D       3D        E         1

        CLASS   ABS1           

        CLASS   BIGRAM         

        CLASS   RAM            

        CLASS   BANK0          

        CLASS   BANK1          

        CLASS   BANK2          

        CLASS   BANK3          

        CLASS   BANK4          

        CLASS   BANK5          

        CLASS   BANK6          

        CLASS   BANK7          

        CLASS   SFR            

        CLASS   CONFIG         
                config                           300000   300000        E         4

        CLASS   IDLOC          
                idloc                            200000   200000        8         5

        CLASS   EEDATA         

        CLASS   FARRAM         



SEGMENTS        Name                           Load    Length   Top    Selector   Space  Class

                reset_vec                      000000  000004  000004         0       0  CODE    
                cstackCOMRAM                   000001  00004E  00004F         1       1  COMRAM  
                idataCOMRAM                    005BA4  000004  005BA8      5BA4       0  CODE    
                text1                          005BA8  000016  005BBE      2DD4       0  CODE    
                cinit                          005BBE  000032  005BF0      2DDF       0  CODE    
                text9                          005BF0  000046  005C36      2DF8       0  CODE    
                text0                          005C36  00007C  005CB2      2E1B       0  CODE    
                text8                          005CB2  000106  005DB8      2E59       0  CODE    
                text6                          005DB8  000170  005F28      2EDC       0  CODE    
                text5                          005F28  000170  006098      2F94       0  CODE    
                text7                          006098  0001B4  00624C      304C       0  CODE    
                text11                         00624C  00039A  0065E6      3126       0  CODE    
                text10                         0065E6  0004C0  006AA6      32F3       0  CODE    
                text4                          006AA6  0004EE  006F94      3553       0  CODE    
                text3                          006F94  0006CA  00765E      37CA       0  CODE    
                text2                          00765E  0009A2  008000      3B2F       0  CODE    


UNUSED ADDRESS RANGES

        Name                Unused          Largest block    Delta
        BANK0            000060-0000FF               A0
        BANK1            000100-0001FF              100
        BANK2            000200-0002FF              100
        BANK3            000300-0003FF              100
        BANK4            000400-0004FF              100
        BANK5            000500-0005FF              100
        BANK6            000600-0006FF              100
        BANK7            000700-0007FF              100
        BIGRAM           00004F-0007FF              7B1
        CODE             000004-005BA3             5BA0
        COMRAM           00004F-00005F               11
        CONST            000004-005BA3             5BA0
        EEDATA           F00000-F000FF              100
        MEDIUMCONST      000800-005BA3             53A4
        RAM              000060-0007FF              100
        SFR              000F60-000FFF               A0
        SMALLCONST       000800-005BA3              100
        STACK            000060-0007FF              7A0

                                  Symbol Table

?___fladd                cstackCOMRAM 000001
?___fldiv                cstackCOMRAM 00000F
?___flsub                cstackCOMRAM 000028
?___fltol                cstackCOMRAM 000028
?___xxtofl               cstackCOMRAM 000001
_ADCON1                  (abs)        000FC1
_INTCONbits              (abs)        000FF2
_LATDbits                (abs)        000F8C
_PORTAbits               (abs)        000F80
_PORTBbits               (abs)        000F81
_PORTD                   (abs)        000F83
_T0CONbits               (abs)        000FD5
_TMR0                    (abs)        000FD6
_TRISA                   (abs)        000F92
_TRISB                   (abs)        000F93
_TRISD                   (abs)        000F95
_TRISDbits               (abs)        000F95
__HRAM                   (abs)        000000
__Habs1                  abs1         000000
__Hbank0                 bank0        000000
__Hbank1                 bank1        000000
__Hbank2                 bank2        000000
__Hbank3                 bank3        000000
__Hbank4                 bank4        000000
__Hbank5                 bank5        000000
__Hbank6                 bank6        000000
__Hbank7                 bank7        000000
__Hbigbss                bigbss       000000
__Hbigdata               bigdata      000000
__Hbigram                bigram       000000
__Hbss                   bss          000000
__HbssCOMRAM             bssCOMRAM    000000
__Hcinit                 cinit        000000
__Hclrtext               clrtext      000000
__Hcomram                comram       000000
__Hconfig                config       30000E
__Hconst                 const        000000
__HcstackCOMRAM          cstackCOMRAM 000000
__Hdata                  data         000000
__HdataCOMRAM            dataCOMRAM   000000
__Heeprom_data           eeprom_data  000000
__Hfarbss                farbss       000000
__Hfardata               fardata      000000
__Hibigdata              ibigdata     000000
__Hidata                 idata        000000
__HidataCOMRAM           idataCOMRAM  000000
__Hidloc                 idloc        200008
__Hifardata              ifardata     000000
__Hinit                  init         000004
__Hintcode               intcode      000000
__Hintcode_body          intcode_body 000000
__Hintcodelo             intcodelo    000000
__Hintentry              intentry     000000
__Hintret                intret       000000
__Hintsave_regs          intsave_regs 000000
__Hirdata                irdata       000000
__Hmediumconst           mediumconst  000000
__HnvFARRAM              nvFARRAM     000000
__Hnvbit                 nvbit        000000
__Hnvrram                nvrram       000000
__Hparam                 rparam       000000
__Hpowerup               powerup      000000
__Hram                   ram          000000
__Hramtop                ramtop       000800
__Hrbit                  rbit         000000
__Hrbss                  rbss         000000
__Hrdata                 rdata        000000
__Hreset_vec             reset_vec    000000
__Hrparam                rparam       000000
__Hsfr                   sfr          000000
__Hsmallconst            smallconst   000000
__Hspace_0               (abs)        008000
__Hspace_1               (abs)        00004F
__Hspace_2               (abs)        000000
__Hspace_4               (abs)        60000E
__Hstack                 stack        000000
__Hstruct                struct       000000
__Htemp                  temp         000000
__Htext                  text         000000
__Htext0                 text0        000000
__Htext1                 text1        000000
__Htext10                text10       000000
__Htext11                text11       000000
__Htext2                 text2        000000
__Htext3                 text3        000000
__Htext4                 text4        000000
__Htext5                 text5        000000
__Htext6                 text6        000000
__Htext7                 text7        000000
__Htext8                 text8        000000
__Htext9                 text9        000000
__LRAM                   (abs)        000001
__Labs1                  abs1         000000
__Lbank0                 bank0        000000
__Lbank1                 bank1        000000
__Lbank2                 bank2        000000
__Lbank3                 bank3        000000
__Lbank4                 bank4        000000
__Lbank5                 bank5        000000
__Lbank6                 bank6        000000
__Lbank7                 bank7        000000
__Lbigbss                bigbss       000000
__Lbigdata               bigdata      000000
__Lbigram                bigram       000000
__Lbss                   bss          000000
__LbssCOMRAM             bssCOMRAM    000000
__Lcinit                 cinit        000000
__Lclrtext               clrtext      000000
__Lcomram                comram       000000
__Lconfig                config       000000
__Lconst                 const        000000
__LcstackCOMRAM          cstackCOMRAM 000000
__Ldata                  data         000000
__LdataCOMRAM            dataCOMRAM   000000
__Leeprom_data           eeprom_data  000000
__Lfarbss                farbss       000000
__Lfardata               fardata      000000
__Libigdata              ibigdata     000000
__Lidata                 idata        000000
__LidataCOMRAM           idataCOMRAM  000000
__Lidloc                 idloc        000000
__Lifardata              ifardata     000000
__Linit                  init         000000
__Lintcode               intcode      000000
__Lintcode_body          intcode_body 000000
__Lintcodelo             intcodelo    000000
__Lintentry              intentry     000000
__Lintret                intret       000000
__Lintsave_regs          intsave_regs 000000
__Lirdata                irdata       000000
__Lmediumconst           mediumconst  000000
__LnvFARRAM              nvFARRAM     000000
__Lnvbit                 nvbit        000000
__Lnvrram                nvrram       000000
__Lparam                 rparam       000000
__Lpowerup               powerup      000000
__Lram                   ram          000000
__Lramtop                ramtop       000800
__Lrbit                  rbit         000000
__Lrbss                  rbss         000000
__Lrdata                 rdata        000000
__Lreset_vec             reset_vec    000000
__Lrparam                rparam       000000
__Lsfr                   sfr          000000
__Lsmallconst            smallconst   000000
__Lspace_0               (abs)        000000
__Lspace_1               (abs)        000000
__Lspace_2               (abs)        000000
__Lspace_4               (abs)        000000
__Lstack                 stack        000000
__Lstruct                struct       000000
__Ltemp                  temp         000000
__Ltext                  text         000000
__Ltext0                 text0        000000
__Ltext1                 text1        000000
__Ltext10                text10       000000
__Ltext11                text11       000000
__Ltext2                 text2        000000
__Ltext3                 text3        000000
__Ltext4                 text4        000000
__Ltext5                 text5        000000
__Ltext6                 text6        000000
__Ltext7                 text7        000000
__Ltext8                 text8        000000
__Ltext9                 text9        000000
__S0                     (abs)        008000
__S1                     (abs)        00004F
__S2                     (abs)        000000
__S4                     (abs)        000000
__S5                     (abs)        000000
___fladd                 text10       0065E6
___fladd@a               cstackCOMRAM 000005
___fladd@aexp            cstackCOMRAM 00000E
___fladd@b               cstackCOMRAM 000001
___fladd@bexp            cstackCOMRAM 00000F
___fladd@grs             cstackCOMRAM 000010
___fladd@signs           cstackCOMRAM 00000D
___fldiv                 text11       00624C
___fldiv@a               cstackCOMRAM 000013
___fldiv@aexp            cstackCOMRAM 000027
___fldiv@b               cstackCOMRAM 00000F
___fldiv@bexp            cstackCOMRAM 000026
___fldiv@grs             cstackCOMRAM 000022
___fldiv@new_exp         cstackCOMRAM 000020
___fldiv@rem             cstackCOMRAM 00001B
___fldiv@sign            cstackCOMRAM 00001F
___flsub                 text9        005BF0
___flsub@a               cstackCOMRAM 00002C
___flsub@b               cstackCOMRAM 000028
___fltol                 text8        005CB2
___fltol@exp1            cstackCOMRAM 000031
___fltol@f1              cstackCOMRAM 000028
___fltol@sign1           cstackCOMRAM 000030
___inthi_sp              stack        000000
___intlo_sp              stack        000000
___param_bank            (abs)        000000
___rparam_used           (abs)        000001
___sp                    stack        000000
___xxtofl                text7        006098
___xxtofl@arg            cstackCOMRAM 00000B
___xxtofl@exp            cstackCOMRAM 00000A
___xxtofl@sign           cstackCOMRAM 000009
___xxtofl@val            cstackCOMRAM 000001
__accesstop              (abs)        000060
__activetblptr           (abs)        000000
__end_of___fladd         text10       006AA6
__end_of___fldiv         text11       0065E6
__end_of___flsub         text9        005C36
__end_of___fltol         text8        005DB8
__end_of___xxtofl        text7        00624C
__end_of__initialization cinit        005BEA
__end_of_cancion1        text4        006F94
__end_of_cancion2        text3        00765E
__end_of_cancion3        text2        008000
__end_of_confT0          text1        005BBE
__end_of_main            text0        005CB2
__end_of_silencio        text6        005F28
__end_of_tocar_nota      text5        006098
__initialization         cinit        005BBE
__mediumconst            mediumconst  000000
__pbssCOMRAM             bssCOMRAM    00003D
__pcinit                 cinit        005BBE
__pcstackCOMRAM          cstackCOMRAM 000001
__pdataCOMRAM            dataCOMRAM   00004B
__pidataCOMRAM           idataCOMRAM  005BA4
__ptext0                 text0        005C36
__ptext1                 text1        005BA8
__ptext10                text10       0065E6
__ptext11                text11       00624C
__ptext2                 text2        00765E
__ptext3                 text3        006F94
__ptext4                 text4        006AA6
__ptext5                 text5        005F28
__ptext6                 text6        005DB8
__ptext7                 text7        006098
__ptext8                 text8        005CB2
__ptext9                 text9        005BF0
__ramtop                 ramtop       000800
__size_of___fladd        (abs)        000000
__size_of___fldiv        (abs)        000000
__size_of___flsub        (abs)        000000
__size_of___fltol        (abs)        000000
__size_of___xxtofl       (abs)        000000
__size_of_cancion1       (abs)        000000
__size_of_cancion2       (abs)        000000
__size_of_cancion3       (abs)        000000
__size_of_confT0         (abs)        000000
__size_of_main           (abs)        000000
__size_of_silencio       (abs)        000000
__size_of_tocar_nota     (abs)        000000
__smallconst             smallconst   000000
_a                       bssCOMRAM    000049
_b                       bssCOMRAM    000047
_buffer1                 bssCOMRAM    00003D
_cancion1                text4        006AA6
_cancion2                text3        006F94
_cancion3                text2        00765E
_confT0                  text1        005BA8
_distancia               dataCOMRAM   00004B
_main                    text0        005C36
_s                       bssCOMRAM    000045
_silencio                text6        005DB8
_silencio$1016           cstackCOMRAM 000039
_tocar_nota              text5        005F28
_tocar_nota$1015         cstackCOMRAM 000039
end_of_initialization    cinit        005BEA
intlevel0                text         000000
intlevel1                text         000000
intlevel2                text         000000
intlevel3                text         000000
isa$std                  (abs)        000001
isa$xinst                (abs)        000000
silencio@duracion        cstackCOMRAM 000032
silencio@tfrec           cstackCOMRAM 000034
stackhi                  (abs)        0007FF
stacklo                  (abs)        000060
start                    init         000000
start_initialization     cinit        005BBE
tocar_nota@duracion      cstackCOMRAM 000032
tocar_nota@tfrec         cstackCOMRAM 000034


MODULE INFORMATION

Module		Function		Class		Link	Load	Size
C:\Program Files\Microchip\xc8\v2.32\pic\sources\c99\common\sprcadd.c
		___flsub       		CODE           	5BF0	0000	70
		___fladd       		CODE           	65E6	0000	1216

C:\Program Files\Microchip\xc8\v2.32\pic\sources\c99\common\sprcadd.c estimated size: 1286

../Practica5.X/main.c
		_silencio      		CODE           	5DB8	0000	368
		_tocar_nota    		CODE           	5F28	0000	368
		_main          		CODE           	5C36	0000	124
		_cancion1      		CODE           	6AA6	0000	1262
		_cancion2      		CODE           	6F94	0000	1738
		_cancion3      		CODE           	765E	0000	2466
		_confT0        		CODE           	5BA8	0000	22

../Practica5.X/main.c estimated size: 6348

shared
		__initialization		CODE           	5BBE	0000	44

shared estimated size: 44

C:\Program Files\Microchip\xc8\v2.32\pic\sources\c99\common\sprcdiv.c
		___fldiv       		CODE           	624C	0000	922

C:\Program Files\Microchip\xc8\v2.32\pic\sources\c99\common\sprcdiv.c estimated size: 922

C:\Program Files\Microchip\xc8\v2.32\pic\sources\c99\common\fltol.c
		___fltol       		CODE           	5CB2	0000	262

C:\Program Files\Microchip\xc8\v2.32\pic\sources\c99\common\fltol.c estimated size: 262

C:\Program Files\Microchip\xc8\v2.32\pic\sources\c99\common\xxtofl.c
		___xxtofl      		CODE           	6098	0000	436

C:\Program Files\Microchip\xc8\v2.32\pic\sources\c99\common\xxtofl.c estimated size: 436

